// Jest Snapshot v1, https://goo.gl/fbAQLP

exports[`UI Component: Loader -> Ellipsis should render with 3 spans 1`] = `
<div
  className=" css-1pmieoy-Ellipsis"
>
  <span
    className="css-wraxhb-Ellipsis"
  />
  <span
    className="css-wraxhb-Ellipsis"
  />
  <span
    className="css-wraxhb-Ellipsis"
  />
</div>
`;
